---
source: tui/src/onboarding/auth.rs
expression: terminal.backend()
---
  Setting up cyrus

  ✓ Preparing credentials — loaded
  ⏳ Connecting to Chrome
    Opening the public tunnel
    Starting local servers
    Wiring the ChatGPT connector
    Configuring codex

  Action needed: log in to ChatGPT in the Chrome window
