---
source: tui/src/onboarding/auth.rs
expression: terminal.backend()
---
  Setting up cyrus

  ✓ Preparing credentials — loaded
  ⏳ Connecting to Chrome
    Opening the public tunnel
    Starting local servers
    Wiring the ChatGPT connector
    Configuring codex

  Failed to launch cyrus: program not found

  Press enter to retry
